// Jest Snapshot v1, https://goo.gl/fbAQLP

exports[`snapshot test 1`] = `
<div>
  <nav>
    <ul>
      <h1>
        welcome to Baretfoot Nomad
      </h1>
      <li>
        <a
          href="/login"
          onClick={[Function]}
        >
          Login
        </a>
      </li>
    </ul>
  </nav>
</div>
`;
